{
  "version": 1,
  "reviewed_false_positives": [
    {"path": "README.md", "type": "Secret Keyword", "hash": "939bb46a04c3640c8c427e92b1b557e882e2d2a0", "reason": "Documented local no-auth placeholder"},
    {"path": "docs/ai-setup.md", "type": "Secret Keyword", "hash": "a3e14ca24483c78554c083bc907c7194c7846ef1", "reason": "Documented credential placeholder"},
    {"path": "docs/ai-setup.md", "type": "Secret Keyword", "hash": "939bb46a04c3640c8c427e92b1b557e882e2d2a0", "reason": "Documented local no-auth placeholder"},
    {"path": "docs/ai-setup.md", "type": "Secret Keyword", "hash": "2a2396cabd573c8a0bdf7adda1ac0ca2e1eaeea8", "reason": "Documented credential placeholder"},
    {"path": "tests/test_ai.py", "type": "Secret Keyword", "hash": "939bb46a04c3640c8c427e92b1b557e882e2d2a0", "reason": "Mocked local provider placeholder"},
    {"path": "tests/test_proofreading.py", "type": "Basic Auth Credentials", "hash": "e5e9fa1ba31ecd1ae84f75caaa474f3a663f05f4", "reason": "Synthetic example.test credentials in rejection test"},
    {"path": "examples/north-county/.openscribe/index/project-index.yaml", "type": "Hex High Entropy String", "hash": "432b2357949f5551c8ee68f9411e832337fc8759", "reason": "Sample source manifest SHA256"},
    {"path": "examples/north-county/.openscribe/index/project-index.yaml", "type": "Hex High Entropy String", "hash": "01f490129eafacd6c967c402e65496f7c01dac67", "reason": "Sample source manifest SHA256"},
    {"path": "examples/north-county/.openscribe/index/project-index.yaml", "type": "Hex High Entropy String", "hash": "0a0643d38eda21d032d3488df814f07c0b9dc703", "reason": "Sample source manifest SHA256"},
    {"path": "examples/north-county/.openscribe/index/project-index.yaml", "type": "Hex High Entropy String", "hash": "8db34ae4ab5ffba0116be2b46023ed82e2681620", "reason": "Sample source manifest SHA256"},
    {"path": "examples/north-county/.openscribe/index/project-index.yaml", "type": "Hex High Entropy String", "hash": "b84905a74e4032d01ffe144e15acbeee69632cc5", "reason": "Sample source manifest SHA256"},
    {"path": "examples/north-county/.openscribe/index/project-index.yaml", "type": "Hex High Entropy String", "hash": "d1209e270b7168ddfd693cc2899d802147cf9fd3", "reason": "Sample source manifest SHA256"},
    {"path": "examples/north-county/.openscribe/index/project-index.yaml", "type": "Hex High Entropy String", "hash": "878b5a75eb4b771e0d0a05054eb8dcd579a85298", "reason": "Sample source manifest SHA256"},
    {"path": "examples/north-county/.openscribe/index/project-index.yaml", "type": "Hex High Entropy String", "hash": "62fd0ec6c0c7561732225892b2a2a615d7e21ea1", "reason": "Sample source manifest SHA256"},
    {"path": "examples/north-county/.openscribe/index/project-index.yaml", "type": "Hex High Entropy String", "hash": "d969b3b659269421dfefe421e35cd794149bac02", "reason": "Sample source manifest SHA256"},
    {"path": "examples/north-county/.openscribe/index/project-index.yaml", "type": "Hex High Entropy String", "hash": "59a21ff43e206c70a93145a8eab6aa92cada5481", "reason": "Sample source manifest SHA256"}
  ]
}
